GowinSynthesis start
Running parser ...
Analyzing Verilog file 'E:\FPGA projects\EXCAVATOR\src\ADDRESS DECODER.v'
Analyzing Verilog file 'E:\FPGA projects\EXCAVATOR\src\ALU.v'
Analyzing Verilog file 'E:\FPGA projects\EXCAVATOR\src\BSS SECTION .v'
Analyzing Verilog file 'E:\FPGA projects\EXCAVATOR\src\CENTRAL CONTROL UNIT.v'
Analyzing Verilog file 'E:\FPGA projects\EXCAVATOR\src\CPU ADDRESS_BUS MUX.v'
Analyzing Verilog file 'E:\FPGA projects\EXCAVATOR\src\DATA SECTION.v'
Analyzing Verilog file 'E:\FPGA projects\EXCAVATOR\src\DRIVER_DC_MOTOR.v'
Analyzing Verilog file 'E:\FPGA projects\EXCAVATOR\src\EXCAVATOR_ARM_BASE_STREPPER_MOTOR.v'
Analyzing Verilog file 'E:\FPGA projects\EXCAVATOR\src\INSTRUCTION ROM.v'
Analyzing Verilog file 'E:\FPGA projects\EXCAVATOR\src\MEM TO CPU DATA MUX.v'
Analyzing Verilog file 'E:\FPGA projects\EXCAVATOR\src\MEMORY_MODULE.v'
Analyzing Verilog file 'E:\FPGA projects\EXCAVATOR\src\NRF receiver.V'
Analyzing Verilog file 'E:\FPGA projects\EXCAVATOR\src\OPERATION DECODER.v'
Analyzing Verilog file 'E:\FPGA projects\EXCAVATOR\src\PLUS 1 ADDER.v'
Analyzing Verilog file 'E:\FPGA projects\EXCAVATOR\src\PROGRAM COUNTER.v'
Analyzing Verilog file 'E:\FPGA projects\EXCAVATOR\src\RAM.v'
Analyzing Verilog file 'E:\FPGA projects\EXCAVATOR\src\REGISTER FILE.v'
Analyzing Verilog file 'E:\FPGA projects\EXCAVATOR\src\RODATA.v'
Analyzing Verilog file 'E:\FPGA projects\EXCAVATOR\src\SPI.v'
Analyzing Verilog file 'E:\FPGA projects\EXCAVATOR\src\STEERING_ERVO_MOTOR.v'
Analyzing Verilog file 'E:\FPGA projects\EXCAVATOR\src\SYSTEM REGS.v'
Analyzing Verilog file 'E:\FPGA projects\EXCAVATOR\src\WRITE_BACK_MUX.v'
Analyzing Verilog file 'E:\FPGA projects\EXCAVATOR\src\computer.v'
Undeclared symbol 'debug_cpu_to_mem', assumed default net type 'wire'("E:\FPGA projects\EXCAVATOR\src\computer.v":67)
Undeclared symbol 'debug_mem_to_cpu', assumed default net type 'wire'("E:\FPGA projects\EXCAVATOR\src\computer.v":69)
Undeclared symbol 'debug__address_bus', assumed default net type 'wire'("E:\FPGA projects\EXCAVATOR\src\computer.v":71)
Undeclared symbol 'debug_write_enable', assumed default net type 'wire'("E:\FPGA projects\EXCAVATOR\src\computer.v":73)
Undeclared symbol 'debug_cpu_data_address_bus', assumed default net type 'wire'("E:\FPGA projects\EXCAVATOR\src\computer.v":76)
Undeclared symbol 'debug_mem_fetched_data_bus', assumed default net type 'wire'("E:\FPGA projects\EXCAVATOR\src\computer.v":83)
Undeclared symbol 'debug_op_dec_next_address', assumed default net type 'wire'("E:\FPGA projects\EXCAVATOR\src\computer.v":101)
Undeclared symbol 'debug_alu_result', assumed default net type 'wire'("E:\FPGA projects\EXCAVATOR\src\computer.v":102)
Undeclared symbol 'debug_alu_address_out', assumed default net type 'wire'("E:\FPGA projects\EXCAVATOR\src\computer.v":103)
Undeclared symbol 'debug_ccu_opcode', assumed default net type 'wire'("E:\FPGA projects\EXCAVATOR\src\computer.v":105)
Undeclared symbol 'debug_ccu_optype', assumed default net type 'wire'("E:\FPGA projects\EXCAVATOR\src\computer.v":106)
Undeclared symbol 'debug_ccu_rd', assumed default net type 'wire'("E:\FPGA projects\EXCAVATOR\src\computer.v":107)
Undeclared symbol 'debug_ccu_rs1', assumed default net type 'wire'("E:\FPGA projects\EXCAVATOR\src\computer.v":108)
Undeclared symbol 'debug_ccu_rs2', assumed default net type 'wire'("E:\FPGA projects\EXCAVATOR\src\computer.v":109)
Undeclared symbol 'debug_ccu_imm', assumed default net type 'wire'("E:\FPGA projects\EXCAVATOR\src\computer.v":110)
Undeclared symbol 'debug_ccu_funct_bits', assumed default net type 'wire'("E:\FPGA projects\EXCAVATOR\src\computer.v":111)
Undeclared symbol 'debug_plus_1_out_bits', assumed default net type 'wire'("E:\FPGA projects\EXCAVATOR\src\computer.v":112)
Undeclared symbol 'debug_instruction_register', assumed default net type 'wire'("E:\FPGA projects\EXCAVATOR\src\computer.v":113)
Undeclared symbol 'debug_ipc_address_to_opdec', assumed default net type 'wire'("E:\FPGA projects\EXCAVATOR\src\computer.v":114)
Undeclared symbol 'debug_pc_address_to_mem', assumed default net type 'wire'("E:\FPGA projects\EXCAVATOR\src\computer.v":115)
Undeclared symbol 'debug_cpu_address_bus_mux_signal', assumed default net type 'wire'("E:\FPGA projects\EXCAVATOR\src\computer.v":116)
Undeclared symbol 'debug_enable_irom', assumed default net type 'wire'("E:\FPGA projects\EXCAVATOR\src\computer.v":157)
Undeclared symbol 'debug_enable_ram', assumed default net type 'wire'("E:\FPGA projects\EXCAVATOR\src\computer.v":158)
Undeclared symbol 'debug_offset', assumed default net type 'wire'("E:\FPGA projects\EXCAVATOR\src\computer.v":159)
Analyzing Verilog file 'E:\FPGA projects\EXCAVATOR\src\computer_testbench.v'
Analyzing Verilog file 'E:\FPGA projects\EXCAVATOR\src\cpu.v'
Analyzing Verilog file 'E:\FPGA projects\EXCAVATOR\src\memory data decoder.v'
Compiling module 'COMPUTER'("E:\FPGA projects\EXCAVATOR\src\computer.v":1)
WARN  (EX3791) : Expression size 32 truncated to fit in target size 1("E:\FPGA projects\EXCAVATOR\src\computer.v":67)
WARN  (EX3791) : Expression size 32 truncated to fit in target size 1("E:\FPGA projects\EXCAVATOR\src\computer.v":69)
WARN  (EX3791) : Expression size 32 truncated to fit in target size 1("E:\FPGA projects\EXCAVATOR\src\computer.v":71)
WARN  (EX3791) : Expression size 32 truncated to fit in target size 1("E:\FPGA projects\EXCAVATOR\src\computer.v":76)
WARN  (EX3791) : Expression size 32 truncated to fit in target size 1("E:\FPGA projects\EXCAVATOR\src\computer.v":83)
Compiling module 'CPU'("E:\FPGA projects\EXCAVATOR\src\cpu.v":1)
Compiling module 'PROGRAM_COUNTER'("E:\FPGA projects\EXCAVATOR\src\PROGRAM COUNTER.v":1)
Compiling module 'CENTRAL_CONTROL_UNIT'("E:\FPGA projects\EXCAVATOR\src\CENTRAL CONTROL UNIT.v":3)
Compiling module 'OP_DECODER'("E:\FPGA projects\EXCAVATOR\src\OPERATION DECODER.v":1)
Compiling module 'ALU'("E:\FPGA projects\EXCAVATOR\src\ALU.v":1)
Compiling module 'PLUS_1'("E:\FPGA projects\EXCAVATOR\src\PLUS 1 ADDER.v":1)
Compiling module 'WRITE_BACK_MUX'("E:\FPGA projects\EXCAVATOR\src\WRITE_BACK_MUX.v":1)
Compiling module 'CPU_REGS'("E:\FPGA projects\EXCAVATOR\src\REGISTER FILE.v":1)
WARN  (EX1998) : Net 'alu_mem_address_out[31]' does not have a driver("E:\FPGA projects\EXCAVATOR\src\cpu.v":145)
WARN  (EX1998) : Net 'pc_mem_address_out[31]' does not have a driver("E:\FPGA projects\EXCAVATOR\src\cpu.v":147)
WARN  (EX3670) : Actual bit length 1 differs from formal bit length 32 for port 'debug_op_dec_next_address'("E:\FPGA projects\EXCAVATOR\src\computer.v":101)
WARN  (EX3670) : Actual bit length 1 differs from formal bit length 32 for port 'debug_alu_result'("E:\FPGA projects\EXCAVATOR\src\computer.v":102)
WARN  (EX3670) : Actual bit length 1 differs from formal bit length 32 for port 'debug_alu_address_out'("E:\FPGA projects\EXCAVATOR\src\computer.v":103)
WARN  (EX3670) : Actual bit length 1 differs from formal bit length 32 for port 'debug_ccu_opcode'("E:\FPGA projects\EXCAVATOR\src\computer.v":105)
WARN  (EX3670) : Actual bit length 1 differs from formal bit length 32 for port 'debug_ccu_optype'("E:\FPGA projects\EXCAVATOR\src\computer.v":106)
WARN  (EX3670) : Actual bit length 1 differs from formal bit length 32 for port 'debug_ccu_rd'("E:\FPGA projects\EXCAVATOR\src\computer.v":107)
WARN  (EX3670) : Actual bit length 1 differs from formal bit length 32 for port 'debug_ccu_rs1'("E:\FPGA projects\EXCAVATOR\src\computer.v":108)
WARN  (EX3670) : Actual bit length 1 differs from formal bit length 32 for port 'debug_ccu_rs2'("E:\FPGA projects\EXCAVATOR\src\computer.v":109)
WARN  (EX3670) : Actual bit length 1 differs from formal bit length 32 for port 'debug_ccu_imm'("E:\FPGA projects\EXCAVATOR\src\computer.v":110)
WARN  (EX3670) : Actual bit length 1 differs from formal bit length 32 for port 'debug_ccu_funct_bits'("E:\FPGA projects\EXCAVATOR\src\computer.v":111)
WARN  (EX3670) : Actual bit length 1 differs from formal bit length 32 for port 'debug_plus_1_out_bits'("E:\FPGA projects\EXCAVATOR\src\computer.v":112)
WARN  (EX3670) : Actual bit length 1 differs from formal bit length 32 for port 'debug_instruction_register'("E:\FPGA projects\EXCAVATOR\src\computer.v":113)
WARN  (EX3670) : Actual bit length 1 differs from formal bit length 32 for port 'debug_ipc_address_to_opdec'("E:\FPGA projects\EXCAVATOR\src\computer.v":114)
WARN  (EX3670) : Actual bit length 1 differs from formal bit length 32 for port 'debug_pc_address_to_mem'("E:\FPGA projects\EXCAVATOR\src\computer.v":115)
WARN  (EX3670) : Actual bit length 1 differs from formal bit length 16 for port 'debug_cpu_address_bus_mux_signal'("E:\FPGA projects\EXCAVATOR\src\computer.v":116)
Compiling module 'MEMORY'("E:\FPGA projects\EXCAVATOR\src\MEMORY_MODULE.v":1)
Compiling module 'ADDRESS_DECODER'("E:\FPGA projects\EXCAVATOR\src\ADDRESS DECODER.v":1)
Compiling module 'MEM_TO_CPU_DATA_MUX'("E:\FPGA projects\EXCAVATOR\src\MEM TO CPU DATA MUX.v":1)
Compiling module 'INSTRUCTION_ROM'("E:\FPGA projects\EXCAVATOR\src\INSTRUCTION ROM.v":1)
Extracting RAM for identifier 'instruction_ROM'("E:\FPGA projects\EXCAVATOR\src\INSTRUCTION ROM.v":17)
Compiling module 'RAM'("E:\FPGA projects\EXCAVATOR\src\RAM.v":1)
Extracting RAM for identifier 'RAM'("E:\FPGA projects\EXCAVATOR\src\RAM.v":15)
Compiling module 'DC_DRIVER_MOTOR'("E:\FPGA projects\EXCAVATOR\src\DRIVER_DC_MOTOR.v":1)
Compiling module 'EXCAVATOR_ARM_BASE_STEPPER_MOTOR'("E:\FPGA projects\EXCAVATOR\src\EXCAVATOR_ARM_BASE_STREPPER_MOTOR.v":1)
Compiling module 'STEERING_STEPPER_MOTOR'("E:\FPGA projects\EXCAVATOR\src\STEERING_ERVO_MOTOR.v":1)
Compiling module 'NRF_RECEIVER'("E:\FPGA projects\EXCAVATOR\src\NRF receiver.V":1)
Compiling module 'SPI'("E:\FPGA projects\EXCAVATOR\src\SPI.v":1)
Compiling module 'SYSTEM_REGS'("E:\FPGA projects\EXCAVATOR\src\SYSTEM REGS.v":1)
WARN  (EX1998) : Net 'data_from_rodata[31]' does not have a driver("E:\FPGA projects\EXCAVATOR\src\MEMORY_MODULE.v":109)
WARN  (EX3670) : Actual bit length 1 differs from formal bit length 32 for port 'debug_enable_irom'("E:\FPGA projects\EXCAVATOR\src\computer.v":157)
WARN  (EX3670) : Actual bit length 1 differs from formal bit length 32 for port 'debug_enable_ram'("E:\FPGA projects\EXCAVATOR\src\computer.v":158)
WARN  (EX3670) : Actual bit length 1 differs from formal bit length 32 for port 'debug_offset'("E:\FPGA projects\EXCAVATOR\src\computer.v":159)
NOTE  (EX0101) : Current top module is "COMPUTER"
[5%] Running netlist conversion ...
Running device independent optimization ...
[10%] Optimizing Phase 0 completed
[15%] Optimizing Phase 1 completed
[25%] Optimizing Phase 2 completed
Running inference ...
[30%] Inferring Phase 0 completed
[40%] Inferring Phase 1 completed
[50%] Inferring Phase 2 completed
[55%] Inferring Phase 3 completed
Running technical mapping ...
[60%] Tech-Mapping Phase 0 completed
[65%] Tech-Mapping Phase 1 completed
[75%] Tech-Mapping Phase 2 completed
[80%] Tech-Mapping Phase 3 completed
[90%] Tech-Mapping Phase 4 completed
WARN  (NL0002) : The module "PLUS_1" instantiated to "plus_one" is swept in optimizing("E:\FPGA projects\EXCAVATOR\src\cpu.v":284)
WARN  (NL0002) : The module "MEM_TO_CPU_DATA_MUX" instantiated to "mem_to_cpu_data_mux" is swept in optimizing("E:\FPGA projects\EXCAVATOR\src\MEMORY_MODULE.v":136)
[95%] Generate netlist file "E:\FPGA projects\EXCAVATOR\impl\gwsynthesis\EXCAVATOR.vg" completed
[100%] Generate report file "E:\FPGA projects\EXCAVATOR\impl\gwsynthesis\EXCAVATOR_syn.rpt.html" completed
GowinSynthesis finish
