Reading netlist file: "E:\FPGA projects\EXCAVATOR\impl\gwsynthesis\EXCAVATOR.vg"
Parsing netlist file "E:\FPGA projects\EXCAVATOR\impl\gwsynthesis\EXCAVATOR.vg" completed
Processing netlist completed
Running placement......
[10%] Placement Phase 0 completed
[20%] Placement Phase 1 completed
[30%] Placement Phase 2 completed
WARN  (TA1132) :  'clk' was determined to be a clock but was not created.
[50%] Placement Phase 3 completed
Running routing......
[60%] Routing Phase 0 completed
[70%] Routing Phase 1 completed
[80%] Routing Phase 2 completed
[90%] Routing Phase 3 completed
Running timing analysis......
[95%] Timing analysis completed
Placement and routing completed
Bitstream generation in progress......
Bitstream generation completed
Running power analysis......
[100%] Power analysis completed
Generate file "E:\FPGA projects\EXCAVATOR\impl\pnr\EXCAVATOR.power.html" completed
Generate file "E:\FPGA projects\EXCAVATOR\impl\pnr\EXCAVATOR.pin.html" completed
Generate file "E:\FPGA projects\EXCAVATOR\impl\pnr\EXCAVATOR.rpt.html" completed
Generate file "E:\FPGA projects\EXCAVATOR\impl\pnr\EXCAVATOR.rpt.txt" completed
Generate file "E:\FPGA projects\EXCAVATOR\impl\pnr\EXCAVATOR.tr.html" completed
Wed Aug 19 09:09:16 2026

